// Jest Snapshot v1, https://goo.gl/fbAQLP

exports[`Instructions List should render with right amount of elements 1`] = `
<InstructionsList
  instructions={
    Array [
      "Pour olive oil into cold skillet. Add garlic, capers, anchovy paste, and red pepper flakes. Place over medium heat and cook and stir until the oil is infused with the flavors of the mixture, about 5 minutes, taking care not to brown the garlic. Add tomato",
      "Bring a large pot of lightly salted water to a boil. Cook spaghetti in the boiling water, stirring occasionally until almost al dente, or about 1 minute less than directed on package. Drain. Return pasta to the pot off heat.",
      "Stir clams into the sauce. Pour sauce over pasta. Stir; cover the pot to allow it to finish cooking off heat and to allow the pasta will absorb some of the sauce, about 3 minutes. Stir in Parmesan cheese. Top with chopped fresh basil and/or parsley.",
    ]
  }
>
  <div
    className="recipe__instructions col s12 m6"
  >
    <h3>
      Instructions
    </h3>
    <ol>
      <li
        key="0"
      >
        <span>
          Pour olive oil into cold skillet. Add garlic, capers, anchovy paste, and red pepper flakes. Place over medium heat and cook and stir until the oil is infused with the flavors of the mixture, about 5 minutes, taking care not to brown the garlic. Add tomato
        </span>
      </li>
      <li
        key="1"
      >
        <span>
          Bring a large pot of lightly salted water to a boil. Cook spaghetti in the boiling water, stirring occasionally until almost al dente, or about 1 minute less than directed on package. Drain. Return pasta to the pot off heat.
        </span>
      </li>
      <li
        key="2"
      >
        <span>
          Stir clams into the sauce. Pour sauce over pasta. Stir; cover the pot to allow it to finish cooking off heat and to allow the pasta will absorb some of the sauce, about 3 minutes. Stir in Parmesan cheese. Top with chopped fresh basil and/or parsley.
        </span>
      </li>
    </ol>
  </div>
</InstructionsList>
`;
